// Jest Snapshot v1, https://goo.gl/fbAQLP

exports[`GameStart renders GameStart correctly 1`] = `ShallowWrapper {}`;

exports[`ProgressBar renders ProgressBar correctly 1`] = `ShallowWrapper {}`;

exports[`Timer renders Timer correctly 1`] = `ShallowWrapper {}`;
